nohup: ignoring input
[dotenv@17.2.3] injecting env (47) from .env -- tip: ✅ audit secrets and track compliance: https://dotenvx.com/ops

╔════════════════════════════════════════════════════════════════╗
║          College ERP - Phase 2 Week 1                          ║
║                                                                ║
║  🚀 Production Ready Application                               ║
║  🗄️  MySQL Database Integration                               ║
║  ⚡ Query Optimization (50-70% improvement)                    ║
║  📊 3-Tier Caching System (60-70% hit rate)                    ║
║  ✅ 104 Tests (100% passing)                                   ║
║  🔒 Security Hardened                                          ║
║                                                                ║
║  Server: http://0.0.0.0:8000                                ║
║  API Docs: http://0.0.0.0:8000/api/docs                     ║
║  Health: http://0.0.0.0:8000/api/health                     ║
║                                                                ║
╚════════════════════════════════════════════════════════════════╝
  
✅ Server running on 0.0.0.0:8000
[2026-01-21T09:46:39.068Z] GET /api/demo/load
[2026-01-21T09:47:26.078Z] GET /api/demo/load
[2026-01-21T09:47:26.123Z] GET /api/demo/students
